components/ui/resizable.tsx(12,51): error TS2339: Property 'PanelGroup' does not exist on type 'typeof import("D:/DevZone/PlanCheck_v2/node_modules/react-resizable-panels/dist/react-resizable-panels")'.
components/ui/resizable.tsx(14,25): error TS2339: Property 'PanelGroup' does not exist on type 'typeof import("D:/DevZone/PlanCheck_v2/node_modules/react-resizable-panels/dist/react-resizable-panels")'.
components/ui/resizable.tsx(35,51): error TS2339: Property 'PanelResizeHandle' does not exist on type 'typeof import("D:/DevZone/PlanCheck_v2/node_modules/react-resizable-panels/dist/react-resizable-panels")'.
components/ui/resizable.tsx(39,25): error TS2339: Property 'PanelResizeHandle' does not exist on type 'typeof import("D:/DevZone/PlanCheck_v2/node_modules/react-resizable-panels/dist/react-resizable-panels")'.
components/ui/resizable.tsx(52,26): error TS2339: Property 'PanelResizeHandle' does not exist on type 'typeof import("D:/DevZone/PlanCheck_v2/node_modules/react-resizable-panels/dist/react-resizable-panels")'.
pev2/parser/help-service.ts(1,15): error TS2307: Cannot find module 'lodash' or its corresponding type declarations.
pev2/parser/help-service.ts(260,26): error TS7006: Parameter 'cte' implicitly has an 'any' type.
pev2/parser/help-service.ts(288,24): error TS7006: Parameter 'cte' implicitly has an 'any' type.
pev2/parser/plan-service.ts(1,15): error TS2307: Cannot find module 'lodash' or its corresponding type declarations.
pev2/parser/plan-service.ts(38,26): error TS7006: Parameter 'node' implicitly has an 'any' type.
pev2/parser/plan-service.ts(72,24): error TS7006: Parameter 'cte' implicitly has an 'any' type.
pev2/parser/plan-service.ts(94,35): error TS7006: Parameter 'child' implicitly has an 'any' type.
pev2/parser/plan-service.ts(114,37): error TS7006: Parameter 'child' implicitly has an 'any' type.
pev2/parser/plan-service.ts(157,47): error TS7006: Parameter 'o' implicitly has an 'any' type.
pev2/parser/plan-service.ts(170,45): error TS7006: Parameter 'o' implicitly has an 'any' type.
pev2/parser/plan-service.ts(185,46): error TS7006: Parameter 'o' implicitly has an 'any' type.
pev2/parser/plan-service.ts(201,43): error TS7006: Parameter 'o' implicitly has an 'any' type.
pev2/parser/plan-service.ts(209,25): error TS7006: Parameter 'node' implicitly has an 'any' type.
pev2/parser/plan-service.ts(245,35): error TS7006: Parameter 'subPlan' implicitly has an 'any' type.
pev2/parser/plan-service.ts(283,24): error TS7006: Parameter 'cte' implicitly has an 'any' type.
pev2/parser/plan-service.ts(290,10): error TS7006: Parameter 'node' implicitly has an 'any' type.
pev2/parser/plan-service.ts(297,10): error TS7006: Parameter 'node' implicitly has an 'any' type.
pev2/parser/plan-service.ts(301,25): error TS7006: Parameter 'node' implicitly has an 'any' type.
pev2/parser/plan-service.ts(321,8): error TS7006: Parameter 'node' implicitly has an 'any' type.
pev2/parser/plan-service.ts(324,24): error TS7006: Parameter 'subPlan' implicitly has an 'any' type.
pev2/parser/plan-service.ts(345,12): error TS7006: Parameter 'node' implicitly has an 'any' type.
pev2/parser/plan-service.ts(347,10): error TS7006: Parameter 'node' implicitly has an 'any' type.
pev2/parser/plan-service.ts(348,25): error TS7006: Parameter 'value' implicitly has an 'any' type.
pev2/parser/plan-service.ts(371,35): error TS7006: Parameter 'child' implicitly has an 'any' type.
pev2/parser/plan-service.ts(453,48): error TS1501: This regular expression flag is only available when targeting 'es2018' or later.
pev2/parser/plan-service.ts(793,36): error TS7006: Parameter 'e' implicitly has an 'any' type.
pev2/parser/plan-service.ts(822,36): error TS7006: Parameter 'e' implicitly has an 'any' type.
pev2/parser/plan-service.ts(834,36): error TS7006: Parameter 'e' implicitly has an 'any' type.
pev2/parser/plan-service.ts(894,36): error TS7006: Parameter 'e' implicitly has an 'any' type.
pev2/parser/plan-service.ts(932,36): error TS7006: Parameter 'e' implicitly has an 'any' type.
pev2/parser/plan-service.ts(1057,48): error TS7006: Parameter 'infos' implicitly has an 'any' type.
pev2/parser/plan-service.ts(1063,58): error TS7006: Parameter 'method' implicitly has an 'any' type.
pev2/parser/plan-service.ts(1066,38): error TS7006: Parameter 'buffer' implicitly has an 'any' type.
pev2/parser/plan-service.ts(1084,44): error TS7006: Parameter 'worker' implicitly has an 'any' type.
pev2/parser/plan-service.ts(1095,44): error TS7006: Parameter 'type' implicitly has an 'any' type.
pev2/parser/plan-service.ts(1098,43): error TS7006: Parameter 't' implicitly has an 'any' type.
pev2/parser/plan-service.ts(1171,46): error TS7006: Parameter 'result' implicitly has an 'any' type.
pev2/parser/plan-service.ts(1175,55): error TS7006: Parameter 'result' implicitly has an 'any' type.
pev2/parser/plan-service.ts(1225,24): error TS7006: Parameter 'option' implicitly has an 'any' type.
pev2/parser/plan-service.ts(1251,24): error TS7006: Parameter 'option' implicitly has an 'any' type.
pev2/parser/plan-service.ts(1278,25): error TS7006: Parameter 'option' implicitly has an 'any' type.
pev2/parser/plan-service.ts(1347,25): error TS7006: Parameter 'property' implicitly has an 'any' type.
pev2/parser/plan-service.ts(1356,27): error TS7053: Element implicitly has an 'any' type because expression of type 'any' can't be used to index type 'typeof NodeProp'.
pev2/parser/plan-service.ts(1366,16): error TS7053: Element implicitly has an 'any' type because expression of type 'any' can't be used to index type 'typeof NodeProp'.
pev2/parser/plan-service.ts(1396,30): error TS7006: Parameter 'buffersScopes' implicitly has an 'any' type.
pev2/parser/plan-service.ts(1396,45): error TS7006: Parameter 'timingScope' implicitly has an 'any' type.
pev2/parser/plan-service.ts(1405,51): error TS7006: Parameter 'bufferScope' implicitly has an 'any' type.
pev2/parser/plan-service.ts(1430,34): error TS7006: Parameter 'buffersScopes' implicitly has an 'any' type.
pev2/parser/plan-service.ts(1430,49): error TS7006: Parameter 'timingScope' implicitly has an 'any' type.
pev2/parser/plan-service.ts(1435,46): error TS7006: Parameter 'bufferScope' implicitly has an 'any' type.
pev2/parser/plan-service.ts(1459,30): error TS7006: Parameter 'child' implicitly has an 'any' type.
pev2/test_parser.ts(29,33): error TS18048: 'result.plan' is possibly 'undefined'.
pev2/test_parser.ts(29,33): error TS18048: 'result.plan.content' is possibly 'undefined'.
pev2/test_parser.ts(29,53): error TS2339: Property 'Plan' does not exist on type 'string | number | Node | IBlocksStats | ITrigger[] | JIT'.
  Property 'Plan' does not exist on type 'string'.
pev2/test_parser.ts(30,42): error TS18048: 'result.plan' is possibly 'undefined'.
pev2/test_parser.ts(30,42): error TS18048: 'result.plan.content' is possibly 'undefined'.
pev2/test_parser.ts(30,62): error TS2339: Property 'Plan' does not exist on type 'string | number | Node | IBlocksStats | ITrigger[] | JIT'.
  Property 'Plan' does not exist on type 'string'.
src/app/page.tsx(3,34): error TS2307: Cannot find module '@/store/useAnalysisStore' or its corresponding type declarations.
src/app/page.tsx(4,27): error TS2307: Cannot find module '@/components/layout/SplitPane' or its corresponding type declarations.
src/app/page.tsx(5,29): error TS2307: Cannot find module '@/components/analysis/FindingCard' or its corresponding type declarations.
src/app/page.tsx(96,47): error TS7006: Parameter 'finding' implicitly has an 'any' type.
src/components/analysis/FindingCard.tsx(1,35): error TS2307: Cannot find module '@/lib/types/core' or its corresponding type declarations.
src/components/analysis/FindingCard.tsx(45,48): error TS7006: Parameter 'ev' implicitly has an 'any' type.
src/components/analysis/FindingCard.tsx(45,52): error TS7006: Parameter 'i' implicitly has an 'any' type.
src/components/analysis/FindingCard.tsx(56,57): error TS7006: Parameter 'item' implicitly has an 'any' type.
src/components/analysis/FindingCard.tsx(56,63): error TS7006: Parameter 'i' implicitly has an 'any' type.
src/components/analysis/FindingCard.tsx(65,61): error TS7006: Parameter 'lim' implicitly has an 'any' type.
src/components/analysis/FindingCard.tsx(65,66): error TS7006: Parameter 'i' implicitly has an 'any' type.
src/lib/analysis/manager.ts(1,35): error TS2307: Cannot find module '@/lib/types/core' or its corresponding type declarations.
src/lib/analysis/manager.ts(2,30): error TS2307: Cannot find module '@/lib/parser/manager' or its corresponding type declarations.
src/lib/analysis/manager.ts(3,35): error TS2307: Cannot find module '@/lib/detectors/diskSpill' or its corresponding type declarations.
src/lib/detectors/diskSpill.ts(1,47): error TS2307: Cannot find module '@/lib/types/core' or its corresponding type declarations.
src/store/useAnalysisStore.ts(2,32): error TS2307: Cannot find module '@/lib/types/core' or its corresponding type declarations.
src/store/useAnalysisStore.ts(3,31): error TS2307: Cannot find module '@/lib/parser/manager' or its corresponding type declarations.
src/store/useAnalysisStore.ts(4,33): error TS2307: Cannot find module '@/lib/analysis/manager' or its corresponding type declarations.
